// Jest Snapshot v1, https://goo.gl/fbAQLP

exports[`macros if: if 1`] = `
"
import { lolcode } from '../macro';
const code = lolcode\`
    HAI
    IT R BOTH SAEM 1 AN 2 
    O RLY?
        YA RLY
            VISIBLE WIN
        NO WAI
            VISIBLE FAIL
    OIC
    KTHXBYE
\`;

      ↓ ↓ ↓ ↓ ↓ ↓

const code = function() {
  let IT = null;
  IT = lolstdlib[\\"BOTH SAEM\\"](1, 2);

  if (IT) {
    let IT = null;
    console.log(true);
  } else {
    let IT = null;
    console.log(false);
  }
};

"
`;
